// Jest Snapshot v1, https://goo.gl/fbAQLP

exports[`Input snapshots 1`] = `
<div>
  <Styled(div)>
    Input with error and label
  </Styled(div)>
  <Styled(div)>
    <Styled(div)
      isInvalid={true}
    >
      $
    </Styled(div)>
    <Styled(input)
      hasCurrency={true}
      isCloseBtnVisible={true}
      isInvalid={true}
      onChange={[MockFunction]}
      type="text"
      value="test value"
    />
    <Styled(button)
      isInvalid={true}
      onClick={[MockFunction]}
    >
      <CloseSvg />
    </Styled(button)>
  </Styled(div)>
  <Styled(div)>
    Message Error
  </Styled(div)>
</div>
`;
